<html>
<body>
<pre>
<h1>µVision Build Log</h1>
<h2>Tool Versions:</h2>
IDE-Version: ¦ÌVision V5.27.1.0
Copyright (C) 2019 ARM Ltd and ARM Germany GmbH. All rights reserved.
License Information: 111 111, 111, LIC=QF82M-XT6P7-NN6AF-6ZXXA-GZ9PA-9VWD5
 
Tool Versions:
Toolchain:       MDK-ARM Plus  Version: 5.14.0.0
Toolchain Path:  D:\SOFT\keil514\ARM\ARMCC\Bin
C Compiler:      Armcc.exe V5.05 update 1 (build 106)
Assembler:       Armasm.exe V5.05 update 1 (build 106)
Linker/Locator:  ArmLink.exe V5.05 update 1 (build 106)
Library Manager: ArmAr.exe V5.05 update 1 (build 106)
Hex Converter:   FromElf.exe V5.05 update 1 (build 106)
CPU DLL:         SARMCM3.DLL V5.14.0.0
Dialog DLL:      DCM.DLL V1.13.1.0
Target DLL:      CMSIS_AGDI.dll V1.21.0.0
Dialog DLL:      TCM.DLL V1.14.4.0
 
<h2>Project:</h2>
G:\0 DATE\project file\STM32CubeMX\CSDN_BMP180_HAL\MDK-ARM\CSDN_BMP180_HAL.uvprojx
Project File Date:  04/09/2023

<h2>Output:</h2>
*** Using Compiler 'V5.05 update 1 (build 106)', folder: 'D:\SOFT\keil514\ARM\ARMCC\Bin'
Build target 'CSDN_BMP180_HAL'
compiling main.c...
../Core/Src/main.c(101): warning:  #223-D: function "printf" declared implicitly
  		printf("ID = %d\t  temp = %d.%dC\t   Pressure = %.2fkPa\t   Altitude = %.5fm\r\n",ID,bmp180.Temp/10,bmp180.Temp%10,(float)bmp180.p/1000.0,bmp180.altitude);
../Core/Src/main.c: 1 warning, 0 errors
linking...
Program Size: Code=11604 RO-data=504 RW-data=24 ZI-data=1168  
FromELF: creating hex file...
"CSDN_BMP180_HAL\CSDN_BMP180_HAL.axf" - 0 Error(s), 1 Warning(s).

<h2>Software Packages used:</h2>

Package Vendor: ARM
                http://www.keil.com/pack/ARM.CMSIS.4.2.0.pack
                ARM.CMSIS.4.2.0
                CMSIS (Cortex Microcontroller Software Interface Standard)
   * Component: CORE Version: 3.40.0

Package Vendor: Keil
                http://www.keil.com/pack/Keil.STM32F1xx_DFP.2.2.0.pack
                Keil.STM32F1xx_DFP.2.2.0
                STMicroelectronics STM32F1 Series Device Support, Drivers and Examples

<h2>Collection of Component include folders:</h2>
  .\RTE\_CSDN_BMP180_HAL
  D:\SOFT\keil514\ARM\PACK\ARM\CMSIS\4.2.0\CMSIS\Include
  D:\SOFT\keil514\ARM\PACK\Keil\STM32F1xx_DFP\2.2.0\Device\Include

<h2>Collection of Component Files used:</h2>

   * Component: ARM::CMSIS:CORE:3.40.0
      Source file:   CMSIS\UserCodeTemplates\ARM\ITM_Retarget.c
Build Time Elapsed:  00:00:02
</pre>
</body>
</html>
